[backblue.gif]
[fade.gif]
[index.html]
[www.smartpiggybank.com/images/piggyBankPhoto.jpg]
[www.smartpiggybank.com/images/ModernBaby.pdf]
[www.smartpiggybank.com/index.html]
[www.smartpiggybank.com/stylesheets/allowa396.css]
[www.smartpiggybank.com/main/login.html]
[www.smartpiggybank.com/main/add_parent.html]
[www.smartpiggybank.com/help/faq.html]
[www.smartpiggybank.com/main/contact.html]
[www.smartpiggybank.com/main/recover_pwd.html]
[www.smartpiggybank.com/images/tour/homePage.jpg]
[www.google-analytics.com/urchin.js]
[www.smartpiggybank.com/help/tour.html]
[www.smartpiggybank.com/images/tour/createGroup.jpg]
[www.smartpiggybank.com/help/toura8e1.html]
[www.smartpiggybank.com/help/tour6ac9.html]
[www.smartpiggybank.com/images/tour/groupCreatedPage.jpg]
[www.smartpiggybank.com/help/touraec4.html]
[www.smartpiggybank.com/images/tour/createPiggyAccount.jpg]
[www.smartpiggybank.com/help/tourff1b.html]
[www.smartpiggybank.com/images/tour/kidsAcctCreated.jpg]
[www.smartpiggybank.com/help/tour9ec1.html]
[www.smartpiggybank.com/images/tour/setKidParams.jpg]
[www.smartpiggybank.com/help/tour0d5c.html]
[www.smartpiggybank.com/images/tour/sallyParamsUpdated.jpg]
[www.smartpiggybank.com/help/tour026a.html]
[www.smartpiggybank.com/images/tour/sallyPageNoTrans.jpg]
[www.smartpiggybank.com/help/tour3490.html]
[www.smartpiggybank.com/images/tour/sallyInitialDeposit.jpg]
[www.smartpiggybank.com/help/tour117f.html]
[www.smartpiggybank.com/images/tour/transactionConfirm.jpg]
[www.smartpiggybank.com/help/tour5d6c.html]
[www.smartpiggybank.com/images/tour/sallySummarywithOneDeposit.jpg]
[www.smartpiggybank.com/help/tour0e66.html]
[www.smartpiggybank.com/images/tour/parentSummaryWithOneDeposit.jpg]
[www.smartpiggybank.com/help/tour65da.html]
[www.smartpiggybank.com/images/tour/parentSummaryTwoAccts.jpg]
[www.smartpiggybank.com/help/tour7111.html]
[www.smartpiggybank.com/images/tour/parentSettings.jpg]
[www.smartpiggybank.com/help/tourf72f.html]
[www.smartpiggybank.com/images/tour/homePage2.jpg]
[www.smartpiggybank.com/help/tourcd84.html]
[www.smartpiggybank.com/images/tour/kidsLogin.jpg]
[www.smartpiggybank.com/help/tour328c.html]
[www.smartpiggybank.com/images/tour/summaryKids.jpg]
[www.smartpiggybank.com/help/tour52b4.html]
[www.smartpiggybank.com/images/tour/searchResults.jpg]
[www.smartpiggybank.com/help/tour2da5.html]
[www.smartpiggybank.com/images/tour/logout.jpg]
[www.smartpiggybank.com/help/tourf7de.html]
